[2026-06-03T12:12:49.494+0000] {local_task_job_runner.py:120} INFO - ::group::Pre task execution logs
[2026-06-03T12:12:49.532+0000] {taskinstance.py:2076} INFO - Dependencies all met for dep_context=non-requeueable deps ti=<TaskInstance: flights_ops_medallion_pipe.load_gold_to_snowflake manual__2026-06-03T12:12:16.627982+00:00 [queued]>
[2026-06-03T12:12:49.542+0000] {taskinstance.py:2076} INFO - Dependencies all met for dep_context=requeueable deps ti=<TaskInstance: flights_ops_medallion_pipe.load_gold_to_snowflake manual__2026-06-03T12:12:16.627982+00:00 [queued]>
[2026-06-03T12:12:49.542+0000] {taskinstance.py:2306} INFO - Starting attempt 1 of 2
[2026-06-03T12:12:49.561+0000] {taskinstance.py:2330} INFO - Executing <Task(PythonOperator): load_gold_to_snowflake> on 2026-06-03 12:12:16.627982+00:00
[2026-06-03T12:12:49.572+0000] {standard_task_runner.py:90} INFO - Running: ['airflow', 'tasks', 'run', '***_ops_medallion_pipe', 'load_gold_to_snowflake', 'manual__2026-06-03T12:12:16.627982+00:00', '--job-id', '142', '--raw', '--subdir', 'DAGS_FOLDER/flight-pipeline.py', '--cfg-path', '/tmp/tmprv70hwy5']
[2026-06-03T12:12:49.576+0000] {logging_mixin.py:188} WARNING - /home/airflow/.local/lib/python3.12/site-packages/airflow/task/task_runner/standard_task_runner.py:62 DeprecationWarning: This process (pid=1712) is multi-threaded, use of fork() may lead to deadlocks in the child.
[2026-06-03T12:12:49.577+0000] {standard_task_runner.py:91} INFO - Job 142: Subtask load_gold_to_snowflake
[2026-06-03T12:12:49.578+0000] {standard_task_runner.py:64} INFO - Started process 1726 to run task
[2026-06-03T12:12:49.659+0000] {task_command.py:426} INFO - Running <TaskInstance: flights_ops_medallion_pipe.load_gold_to_snowflake manual__2026-06-03T12:12:16.627982+00:00 [running]> on host 2c94099098f0
[2026-06-03T12:12:49.777+0000] {taskinstance.py:2648} INFO - Exporting env vars: AIRFLOW_CTX_DAG_OWNER='airflow' AIRFLOW_CTX_DAG_ID='***_ops_medallion_pipe' AIRFLOW_CTX_TASK_ID='load_gold_to_snowflake' AIRFLOW_CTX_EXECUTION_DATE='2026-06-03T12:12:16.627982+00:00' AIRFLOW_CTX_TRY_NUMBER='1' AIRFLOW_CTX_DAG_RUN_ID='manual__2026-06-03T12:12:16.627982+00:00'
[2026-06-03T12:12:49.780+0000] {taskinstance.py:430} INFO - ::endgroup::
[2026-06-03T12:12:49.812+0000] {taskinstance.py:441} INFO - ::group::Post task execution logs
[2026-06-03T12:12:49.813+0000] {taskinstance.py:2905} ERROR - Task failed with exception
Traceback (most recent call last):
  File "/home/airflow/.local/lib/python3.12/site-packages/airflow/models/taskinstance.py", line 465, in _execute_task
    result = _execute_callable(context=context, **execute_callable_kwargs)
             ^^^^^^^^^^^^^^^^^^^^^^^^^^^^^^^^^^^^^^^^^^^^^^^^^^^^^^^^^^^^^
  File "/home/airflow/.local/lib/python3.12/site-packages/airflow/models/taskinstance.py", line 432, in _execute_callable
    return execute_callable(context=context, **execute_callable_kwargs)
           ^^^^^^^^^^^^^^^^^^^^^^^^^^^^^^^^^^^^^^^^^^^^^^^^^^^^^^^^^^^^
  File "/home/airflow/.local/lib/python3.12/site-packages/airflow/models/baseoperator.py", line 401, in wrapper
    return func(self, *args, **kwargs)
           ^^^^^^^^^^^^^^^^^^^^^^^^^^^
  File "/home/airflow/.local/lib/python3.12/site-packages/airflow/operators/python.py", line 235, in execute
    return_value = self.execute_callable()
                   ^^^^^^^^^^^^^^^^^^^^^^^
  File "/home/airflow/.local/lib/python3.12/site-packages/airflow/operators/python.py", line 252, in execute_callable
    return self.python_callable(*self.op_args, **self.op_kwargs)
           ^^^^^^^^^^^^^^^^^^^^^^^^^^^^^^^^^^^^^^^^^^^^^^^^^^^^^
  File "/opt/airflow/scripts/load_gold_to_snowflakes.py", line 12, in load_gold_to_snowflakes
    raise ValueError("Gold file not found in xcom")
ValueError: Gold file not found in xcom
[2026-06-03T12:12:49.832+0000] {taskinstance.py:1206} INFO - Marking task as UP_FOR_RETRY. dag_id=***_ops_medallion_pipe, task_id=load_gold_to_snowflake, run_id=manual__2026-06-03T12:12:16.627982+00:00, execution_date=20260603T121216, start_date=20260603T121249, end_date=20260603T121249
[2026-06-03T12:12:49.847+0000] {standard_task_runner.py:110} ERROR - Failed to execute job 142 for task load_gold_to_snowflake (Gold file not found in xcom; 1726)
[2026-06-03T12:12:49.874+0000] {local_task_job_runner.py:243} INFO - Task exited with return code 1
[2026-06-03T12:12:49.896+0000] {taskinstance.py:3503} INFO - 0 downstream tasks scheduled from follow-on schedule check
[2026-06-03T12:12:49.901+0000] {local_task_job_runner.py:222} INFO - ::endgroup::
