[2026-06-03T18:16:55.169+0000] {local_task_job_runner.py:120} INFO - ::group::Pre task execution logs
[2026-06-03T18:16:55.226+0000] {taskinstance.py:2076} INFO - Dependencies all met for dep_context=non-requeueable deps ti=<TaskInstance: flights_ops_medallion_pipe.load_gold_to_snowflake manual__2026-06-03T18:10:33.263200+00:00 [queued]>
[2026-06-03T18:16:55.237+0000] {taskinstance.py:2076} INFO - Dependencies all met for dep_context=requeueable deps ti=<TaskInstance: flights_ops_medallion_pipe.load_gold_to_snowflake manual__2026-06-03T18:10:33.263200+00:00 [queued]>
[2026-06-03T18:16:55.239+0000] {taskinstance.py:2306} INFO - Starting attempt 2 of 2
[2026-06-03T18:16:55.259+0000] {taskinstance.py:2330} INFO - Executing <Task(PythonOperator): load_gold_to_snowflake> on 2026-06-03 18:10:33.263200+00:00
[2026-06-03T18:16:55.273+0000] {standard_task_runner.py:90} INFO - Running: ['airflow', 'tasks', 'run', '***_ops_medallion_pipe', 'load_gold_to_snowflake', 'manual__2026-06-03T18:10:33.263200+00:00', '--job-id', '245', '--raw', '--subdir', 'DAGS_FOLDER/flight-pipeline.py', '--cfg-path', '/tmp/tmpgbga88bo']
[2026-06-03T18:16:55.278+0000] {logging_mixin.py:188} WARNING - /home/airflow/.local/lib/python3.12/site-packages/airflow/task/task_runner/standard_task_runner.py:62 DeprecationWarning: This process (pid=4152) is multi-threaded, use of fork() may lead to deadlocks in the child.
[2026-06-03T18:16:55.279+0000] {standard_task_runner.py:91} INFO - Job 245: Subtask load_gold_to_snowflake
[2026-06-03T18:16:55.279+0000] {standard_task_runner.py:64} INFO - Started process 4166 to run task
[2026-06-03T18:16:55.386+0000] {task_command.py:426} INFO - Running <TaskInstance: flights_ops_medallion_pipe.load_gold_to_snowflake manual__2026-06-03T18:10:33.263200+00:00 [running]> on host 2c94099098f0
[2026-06-03T18:16:55.528+0000] {taskinstance.py:2648} INFO - Exporting env vars: AIRFLOW_CTX_DAG_OWNER='airflow' AIRFLOW_CTX_DAG_ID='***_ops_medallion_pipe' AIRFLOW_CTX_TASK_ID='load_gold_to_snowflake' AIRFLOW_CTX_EXECUTION_DATE='2026-06-03T18:10:33.263200+00:00' AIRFLOW_CTX_TRY_NUMBER='2' AIRFLOW_CTX_DAG_RUN_ID='manual__2026-06-03T18:10:33.263200+00:00'
[2026-06-03T18:16:55.530+0000] {taskinstance.py:430} INFO - ::endgroup::
[2026-06-03T18:16:55.602+0000] {base.py:84} INFO - Using connection ID 'flight_snowflake' for task execution.
[2026-06-03T18:16:55.604+0000] {connection.py:408} INFO - Snowflake Connector for Python Version: 3.11.0, Python Version: 3.12.4, Platform: Linux-6.6.114.1-microsoft-standard-WSL2-x86_64-with-glibc2.36
[2026-06-03T18:16:55.606+0000] {connection.py:1258} INFO - This connection is in OCSP Fail Open Mode. TLS Certificates would be checked for validity and revocation status. Any other Certificate Revocation related exceptions or OCSP Responder failures would be disregarded in favor of connectivity.
[2026-06-03T18:16:58.932+0000] {taskinstance.py:441} INFO - ::group::Post task execution logs
[2026-06-03T18:16:58.933+0000] {taskinstance.py:2905} ERROR - Task failed with exception
Traceback (most recent call last):
  File "/home/airflow/.local/lib/python3.12/site-packages/pandas/core/indexes/base.py", line 3791, in get_loc
    return self._engine.get_loc(casted_key)
           ^^^^^^^^^^^^^^^^^^^^^^^^^^^^^^^^
  File "index.pyx", line 152, in pandas._libs.index.IndexEngine.get_loc
  File "index.pyx", line 181, in pandas._libs.index.IndexEngine.get_loc
  File "pandas/_libs/hashtable_class_helper.pxi", line 7080, in pandas._libs.hashtable.PyObjectHashTable.get_item
  File "pandas/_libs/hashtable_class_helper.pxi", line 7088, in pandas._libs.hashtable.PyObjectHashTable.get_item
KeyError: 'on_ground'

The above exception was the direct cause of the following exception:

Traceback (most recent call last):
  File "/home/airflow/.local/lib/python3.12/site-packages/airflow/models/taskinstance.py", line 465, in _execute_task
    result = _execute_callable(context=context, **execute_callable_kwargs)
             ^^^^^^^^^^^^^^^^^^^^^^^^^^^^^^^^^^^^^^^^^^^^^^^^^^^^^^^^^^^^^
  File "/home/airflow/.local/lib/python3.12/site-packages/airflow/models/taskinstance.py", line 432, in _execute_callable
    return execute_callable(context=context, **execute_callable_kwargs)
           ^^^^^^^^^^^^^^^^^^^^^^^^^^^^^^^^^^^^^^^^^^^^^^^^^^^^^^^^^^^^
  File "/home/airflow/.local/lib/python3.12/site-packages/airflow/models/baseoperator.py", line 401, in wrapper
    return func(self, *args, **kwargs)
           ^^^^^^^^^^^^^^^^^^^^^^^^^^^
  File "/home/airflow/.local/lib/python3.12/site-packages/airflow/operators/python.py", line 235, in execute
    return_value = self.execute_callable()
                   ^^^^^^^^^^^^^^^^^^^^^^^
  File "/home/airflow/.local/lib/python3.12/site-packages/airflow/operators/python.py", line 252, in execute_callable
    return self.python_callable(*self.op_args, **self.op_kwargs)
           ^^^^^^^^^^^^^^^^^^^^^^^^^^^^^^^^^^^^^^^^^^^^^^^^^^^^^
  File "/opt/airflow/scripts/load_gold_to_snowflakes.py", line 62, in load_gold_to_snowflakes
    int(row["on_ground"]),
        ~~~^^^^^^^^^^^^^
  File "/home/airflow/.local/lib/python3.12/site-packages/pandas/core/series.py", line 1040, in __getitem__
    return self._get_value(key)
           ^^^^^^^^^^^^^^^^^^^^
  File "/home/airflow/.local/lib/python3.12/site-packages/pandas/core/series.py", line 1156, in _get_value
    loc = self.index.get_loc(label)
          ^^^^^^^^^^^^^^^^^^^^^^^^^
  File "/home/airflow/.local/lib/python3.12/site-packages/pandas/core/indexes/base.py", line 3798, in get_loc
    raise KeyError(key) from err
KeyError: 'on_ground'
[2026-06-03T18:16:58.965+0000] {taskinstance.py:1206} INFO - Marking task as FAILED. dag_id=***_ops_medallion_pipe, task_id=load_gold_to_snowflake, run_id=manual__2026-06-03T18:10:33.263200+00:00, execution_date=20260603T181033, start_date=20260603T181655, end_date=20260603T181658
[2026-06-03T18:16:59.021+0000] {standard_task_runner.py:110} ERROR - Failed to execute job 245 for task load_gold_to_snowflake ('on_ground'; 4166)
[2026-06-03T18:16:59.078+0000] {local_task_job_runner.py:243} INFO - Task exited with return code 1
[2026-06-03T18:16:59.106+0000] {taskinstance.py:3503} INFO - 0 downstream tasks scheduled from follow-on schedule check
[2026-06-03T18:16:59.111+0000] {local_task_job_runner.py:222} INFO - ::endgroup::
