[2026-06-03T12:20:23.257+0000] {local_task_job_runner.py:120} INFO - ::group::Pre task execution logs
[2026-06-03T12:20:23.297+0000] {taskinstance.py:2076} INFO - Dependencies all met for dep_context=non-requeueable deps ti=<TaskInstance: flights_ops_medallion_pipe.load_gold_to_snowflake manual__2026-06-03T12:14:44.423622+00:00 [queued]>
[2026-06-03T12:20:23.307+0000] {taskinstance.py:2076} INFO - Dependencies all met for dep_context=requeueable deps ti=<TaskInstance: flights_ops_medallion_pipe.load_gold_to_snowflake manual__2026-06-03T12:14:44.423622+00:00 [queued]>
[2026-06-03T12:20:23.307+0000] {taskinstance.py:2306} INFO - Starting attempt 2 of 2
[2026-06-03T12:20:23.365+0000] {taskinstance.py:2330} INFO - Executing <Task(PythonOperator): load_gold_to_snowflake> on 2026-06-03 12:14:44.423622+00:00
[2026-06-03T12:20:23.377+0000] {standard_task_runner.py:90} INFO - Running: ['airflow', 'tasks', 'run', '***_ops_medallion_pipe', 'load_gold_to_snowflake', 'manual__2026-06-03T12:14:44.423622+00:00', '--job-id', '148', '--raw', '--subdir', 'DAGS_FOLDER/flight-pipeline.py', '--cfg-path', '/tmp/tmpsirtmth9']
[2026-06-03T12:20:23.382+0000] {logging_mixin.py:188} WARNING - /home/airflow/.local/lib/python3.12/site-packages/airflow/task/task_runner/standard_task_runner.py:62 DeprecationWarning: This process (pid=1844) is multi-threaded, use of fork() may lead to deadlocks in the child.
[2026-06-03T12:20:23.383+0000] {standard_task_runner.py:91} INFO - Job 148: Subtask load_gold_to_snowflake
[2026-06-03T12:20:23.383+0000] {standard_task_runner.py:64} INFO - Started process 1858 to run task
[2026-06-03T12:20:23.521+0000] {task_command.py:426} INFO - Running <TaskInstance: flights_ops_medallion_pipe.load_gold_to_snowflake manual__2026-06-03T12:14:44.423622+00:00 [running]> on host 2c94099098f0
[2026-06-03T12:20:23.653+0000] {taskinstance.py:2648} INFO - Exporting env vars: AIRFLOW_CTX_DAG_OWNER='airflow' AIRFLOW_CTX_DAG_ID='***_ops_medallion_pipe' AIRFLOW_CTX_TASK_ID='load_gold_to_snowflake' AIRFLOW_CTX_EXECUTION_DATE='2026-06-03T12:14:44.423622+00:00' AIRFLOW_CTX_TRY_NUMBER='2' AIRFLOW_CTX_DAG_RUN_ID='manual__2026-06-03T12:14:44.423622+00:00'
[2026-06-03T12:20:23.655+0000] {taskinstance.py:430} INFO - ::endgroup::
[2026-06-03T12:20:23.687+0000] {taskinstance.py:441} INFO - ::group::Post task execution logs
[2026-06-03T12:20:23.688+0000] {taskinstance.py:2905} ERROR - Task failed with exception
Traceback (most recent call last):
  File "/home/airflow/.local/lib/python3.12/site-packages/airflow/models/taskinstance.py", line 465, in _execute_task
    result = _execute_callable(context=context, **execute_callable_kwargs)
             ^^^^^^^^^^^^^^^^^^^^^^^^^^^^^^^^^^^^^^^^^^^^^^^^^^^^^^^^^^^^^
  File "/home/airflow/.local/lib/python3.12/site-packages/airflow/models/taskinstance.py", line 432, in _execute_callable
    return execute_callable(context=context, **execute_callable_kwargs)
           ^^^^^^^^^^^^^^^^^^^^^^^^^^^^^^^^^^^^^^^^^^^^^^^^^^^^^^^^^^^^
  File "/home/airflow/.local/lib/python3.12/site-packages/airflow/models/baseoperator.py", line 401, in wrapper
    return func(self, *args, **kwargs)
           ^^^^^^^^^^^^^^^^^^^^^^^^^^^
  File "/home/airflow/.local/lib/python3.12/site-packages/airflow/operators/python.py", line 235, in execute
    return_value = self.execute_callable()
                   ^^^^^^^^^^^^^^^^^^^^^^^
  File "/home/airflow/.local/lib/python3.12/site-packages/airflow/operators/python.py", line 252, in execute_callable
    return self.python_callable(*self.op_args, **self.op_kwargs)
           ^^^^^^^^^^^^^^^^^^^^^^^^^^^^^^^^^^^^^^^^^^^^^^^^^^^^^
  File "/opt/airflow/scripts/load_gold_to_snowflakes.py", line 12, in load_gold_to_snowflakes
    raise ValueError("Gold file not found in xcom")
ValueError: Gold file not found in xcom
[2026-06-03T12:20:23.706+0000] {taskinstance.py:1206} INFO - Marking task as FAILED. dag_id=***_ops_medallion_pipe, task_id=load_gold_to_snowflake, run_id=manual__2026-06-03T12:14:44.423622+00:00, execution_date=20260603T121444, start_date=20260603T122023, end_date=20260603T122023
[2026-06-03T12:20:23.734+0000] {standard_task_runner.py:110} ERROR - Failed to execute job 148 for task load_gold_to_snowflake (Gold file not found in xcom; 1858)
[2026-06-03T12:20:23.760+0000] {local_task_job_runner.py:243} INFO - Task exited with return code 1
[2026-06-03T12:20:23.782+0000] {taskinstance.py:3503} INFO - 0 downstream tasks scheduled from follow-on schedule check
[2026-06-03T12:20:23.806+0000] {local_task_job_runner.py:222} INFO - ::endgroup::
