[2026-06-03T18:31:25.022+0000] {local_task_job_runner.py:120} INFO - ::group::Pre task execution logs
[2026-06-03T18:31:25.058+0000] {taskinstance.py:2076} INFO - Dependencies all met for dep_context=non-requeueable deps ti=<TaskInstance: flights_ops_medallion_pipe.load_gold_to_snowflake manual__2026-06-03T18:30:42.351594+00:00 [queued]>
[2026-06-03T18:31:25.070+0000] {taskinstance.py:2076} INFO - Dependencies all met for dep_context=requeueable deps ti=<TaskInstance: flights_ops_medallion_pipe.load_gold_to_snowflake manual__2026-06-03T18:30:42.351594+00:00 [queued]>
[2026-06-03T18:31:25.071+0000] {taskinstance.py:2306} INFO - Starting attempt 1 of 2
[2026-06-03T18:31:25.100+0000] {taskinstance.py:2330} INFO - Executing <Task(PythonOperator): load_gold_to_snowflake> on 2026-06-03 18:30:42.351594+00:00
[2026-06-03T18:31:25.112+0000] {standard_task_runner.py:90} INFO - Running: ['airflow', 'tasks', 'run', '***_ops_medallion_pipe', 'load_gold_to_snowflake', 'manual__2026-06-03T18:30:42.351594+00:00', '--job-id', '266', '--raw', '--subdir', 'DAGS_FOLDER/flight-pipeline.py', '--cfg-path', '/tmp/tmpqc3fezrn']
[2026-06-03T18:31:25.117+0000] {standard_task_runner.py:91} INFO - Job 266: Subtask load_gold_to_snowflake
[2026-06-03T18:31:25.117+0000] {logging_mixin.py:188} WARNING - /home/airflow/.local/lib/python3.12/site-packages/airflow/task/task_runner/standard_task_runner.py:62 DeprecationWarning: This process (pid=4548) is multi-threaded, use of fork() may lead to deadlocks in the child.
[2026-06-03T18:31:25.118+0000] {standard_task_runner.py:64} INFO - Started process 4562 to run task
[2026-06-03T18:31:25.219+0000] {task_command.py:426} INFO - Running <TaskInstance: flights_ops_medallion_pipe.load_gold_to_snowflake manual__2026-06-03T18:30:42.351594+00:00 [running]> on host 2c94099098f0
[2026-06-03T18:31:25.362+0000] {taskinstance.py:2648} INFO - Exporting env vars: AIRFLOW_CTX_DAG_OWNER='airflow' AIRFLOW_CTX_DAG_ID='***_ops_medallion_pipe' AIRFLOW_CTX_TASK_ID='load_gold_to_snowflake' AIRFLOW_CTX_EXECUTION_DATE='2026-06-03T18:30:42.351594+00:00' AIRFLOW_CTX_TRY_NUMBER='1' AIRFLOW_CTX_DAG_RUN_ID='manual__2026-06-03T18:30:42.351594+00:00'
[2026-06-03T18:31:25.364+0000] {taskinstance.py:430} INFO - ::endgroup::
[2026-06-03T18:31:25.419+0000] {base.py:84} INFO - Using connection ID 'flight_snowflake' for task execution.
[2026-06-03T18:31:25.421+0000] {connection.py:408} INFO - Snowflake Connector for Python Version: 3.11.0, Python Version: 3.12.4, Platform: Linux-6.6.114.1-microsoft-standard-WSL2-x86_64-with-glibc2.36
[2026-06-03T18:31:25.422+0000] {connection.py:1258} INFO - This connection is in OCSP Fail Open Mode. TLS Certificates would be checked for validity and revocation status. Any other Certificate Revocation related exceptions or OCSP Responder failures would be disregarded in favor of connectivity.
[2026-06-03T18:31:29.115+0000] {taskinstance.py:441} INFO - ::group::Post task execution logs
[2026-06-03T18:31:29.116+0000] {taskinstance.py:2905} ERROR - Task failed with exception
Traceback (most recent call last):
  File "/home/airflow/.local/lib/python3.12/site-packages/airflow/models/taskinstance.py", line 465, in _execute_task
    result = _execute_callable(context=context, **execute_callable_kwargs)
             ^^^^^^^^^^^^^^^^^^^^^^^^^^^^^^^^^^^^^^^^^^^^^^^^^^^^^^^^^^^^^
  File "/home/airflow/.local/lib/python3.12/site-packages/airflow/models/taskinstance.py", line 432, in _execute_callable
    return execute_callable(context=context, **execute_callable_kwargs)
           ^^^^^^^^^^^^^^^^^^^^^^^^^^^^^^^^^^^^^^^^^^^^^^^^^^^^^^^^^^^^
  File "/home/airflow/.local/lib/python3.12/site-packages/airflow/models/baseoperator.py", line 401, in wrapper
    return func(self, *args, **kwargs)
           ^^^^^^^^^^^^^^^^^^^^^^^^^^^
  File "/home/airflow/.local/lib/python3.12/site-packages/airflow/operators/python.py", line 235, in execute
    return_value = self.execute_callable()
                   ^^^^^^^^^^^^^^^^^^^^^^^
  File "/home/airflow/.local/lib/python3.12/site-packages/airflow/operators/python.py", line 252, in execute_callable
    return self.python_callable(*self.op_args, **self.op_kwargs)
           ^^^^^^^^^^^^^^^^^^^^^^^^^^^^^^^^^^^^^^^^^^^^^^^^^^^^^
  File "/opt/airflow/scripts/load_gold_to_snowflakes.py", line 55, in load_gold_to_snowflakes
    cursor.execute(
  File "/home/airflow/.local/lib/python3.12/site-packages/snowflake/connector/cursor.py", line 1080, in execute
    Error.errorhandler_wrapper(self.connection, self, error_class, errvalue)
  File "/home/airflow/.local/lib/python3.12/site-packages/snowflake/connector/errors.py", line 290, in errorhandler_wrapper
    handed_over = Error.hand_to_other_handler(
                  ^^^^^^^^^^^^^^^^^^^^^^^^^^^^
  File "/home/airflow/.local/lib/python3.12/site-packages/snowflake/connector/errors.py", line 345, in hand_to_other_handler
    cursor.errorhandler(connection, cursor, error_class, error_value)
  File "/home/airflow/.local/lib/python3.12/site-packages/snowflake/connector/errors.py", line 221, in default_errorhandler
    raise error_class(
snowflake.connector.errors.ProgrammingError: 100035 (22007): 01c4ceb7-0001-c4f4-000e-c9ea0004c912: Timestamp '2026-06-03-18:00:00' is not recognized
[2026-06-03T18:31:29.140+0000] {taskinstance.py:1206} INFO - Marking task as UP_FOR_RETRY. dag_id=***_ops_medallion_pipe, task_id=load_gold_to_snowflake, run_id=manual__2026-06-03T18:30:42.351594+00:00, execution_date=20260603T183042, start_date=20260603T183125, end_date=20260603T183129
[2026-06-03T18:31:29.197+0000] {standard_task_runner.py:110} ERROR - Failed to execute job 266 for task load_gold_to_snowflake (100035 (22007): 01c4ceb7-0001-c4f4-000e-c9ea0004c912: Timestamp '2026-06-03-18:00:00' is not recognized; 4562)
[2026-06-03T18:31:29.243+0000] {local_task_job_runner.py:243} INFO - Task exited with return code 1
[2026-06-03T18:31:29.274+0000] {taskinstance.py:3503} INFO - 0 downstream tasks scheduled from follow-on schedule check
[2026-06-03T18:31:29.295+0000] {local_task_job_runner.py:222} INFO - ::endgroup::
