[2026-06-01T19:46:33.682+0000] {local_task_job_runner.py:120} INFO - ::group::Pre task execution logs
[2026-06-01T19:46:33.727+0000] {taskinstance.py:2076} INFO - Dependencies all met for dep_context=non-requeueable deps ti=<TaskInstance: flights_ops_medallion_pipe.silver_transform manual__2026-06-01T19:46:01.215786+00:00 [queued]>
[2026-06-01T19:46:33.738+0000] {taskinstance.py:2076} INFO - Dependencies all met for dep_context=requeueable deps ti=<TaskInstance: flights_ops_medallion_pipe.silver_transform manual__2026-06-01T19:46:01.215786+00:00 [queued]>
[2026-06-01T19:46:33.739+0000] {taskinstance.py:2306} INFO - Starting attempt 1 of 2
[2026-06-01T19:46:33.776+0000] {taskinstance.py:2330} INFO - Executing <Task(PythonOperator): silver_transform> on 2026-06-01 19:46:01.215786+00:00
[2026-06-01T19:46:33.791+0000] {standard_task_runner.py:90} INFO - Running: ['airflow', 'tasks', 'run', '***_ops_medallion_pipe', 'silver_transform', 'manual__2026-06-01T19:46:01.215786+00:00', '--job-id', '32', '--raw', '--subdir', 'DAGS_FOLDER/flight-pipeline.py', '--cfg-path', '/tmp/tmpu_qmlwol']
[2026-06-01T19:46:33.797+0000] {standard_task_runner.py:91} INFO - Job 32: Subtask silver_transform
[2026-06-01T19:46:33.798+0000] {logging_mixin.py:188} WARNING - /home/airflow/.local/lib/python3.12/site-packages/airflow/task/task_runner/standard_task_runner.py:62 DeprecationWarning: This process (pid=1295) is multi-threaded, use of fork() may lead to deadlocks in the child.
[2026-06-01T19:46:33.800+0000] {standard_task_runner.py:64} INFO - Started process 1308 to run task
[2026-06-01T19:46:33.934+0000] {task_command.py:426} INFO - Running <TaskInstance: flights_ops_medallion_pipe.silver_transform manual__2026-06-01T19:46:01.215786+00:00 [running]> on host 2c94099098f0
[2026-06-01T19:46:34.086+0000] {taskinstance.py:2648} INFO - Exporting env vars: AIRFLOW_CTX_DAG_OWNER='airflow' AIRFLOW_CTX_DAG_ID='***_ops_medallion_pipe' AIRFLOW_CTX_TASK_ID='silver_transform' AIRFLOW_CTX_EXECUTION_DATE='2026-06-01T19:46:01.215786+00:00' AIRFLOW_CTX_TRY_NUMBER='1' AIRFLOW_CTX_DAG_RUN_ID='manual__2026-06-01T19:46:01.215786+00:00'
[2026-06-01T19:46:34.087+0000] {taskinstance.py:430} INFO - ::endgroup::
[2026-06-01T19:46:34.125+0000] {taskinstance.py:441} INFO - ::group::Post task execution logs
[2026-06-01T19:46:34.126+0000] {taskinstance.py:2905} ERROR - Task failed with exception
Traceback (most recent call last):
  File "/home/airflow/.local/lib/python3.12/site-packages/airflow/models/taskinstance.py", line 465, in _execute_task
    result = _execute_callable(context=context, **execute_callable_kwargs)
             ^^^^^^^^^^^^^^^^^^^^^^^^^^^^^^^^^^^^^^^^^^^^^^^^^^^^^^^^^^^^^
  File "/home/airflow/.local/lib/python3.12/site-packages/airflow/models/taskinstance.py", line 432, in _execute_callable
    return execute_callable(context=context, **execute_callable_kwargs)
           ^^^^^^^^^^^^^^^^^^^^^^^^^^^^^^^^^^^^^^^^^^^^^^^^^^^^^^^^^^^^
  File "/home/airflow/.local/lib/python3.12/site-packages/airflow/models/baseoperator.py", line 401, in wrapper
    return func(self, *args, **kwargs)
           ^^^^^^^^^^^^^^^^^^^^^^^^^^^
  File "/home/airflow/.local/lib/python3.12/site-packages/airflow/operators/python.py", line 235, in execute
    return_value = self.execute_callable()
                   ^^^^^^^^^^^^^^^^^^^^^^^
  File "/home/airflow/.local/lib/python3.12/site-packages/airflow/operators/python.py", line 252, in execute_callable
    return self.python_callable(*self.op_args, **self.op_kwargs)
           ^^^^^^^^^^^^^^^^^^^^^^^^^^^^^^^^^^^^^^^^^^^^^^^^^^^^^
  File "/opt/airflow/scripts/silver_transform.py", line 12, in run_silver_transform
    raise ValueError("No bronze file found")
ValueError: No bronze file found
[2026-06-01T19:46:34.149+0000] {taskinstance.py:1206} INFO - Marking task as UP_FOR_RETRY. dag_id=***_ops_medallion_pipe, task_id=silver_transform, run_id=manual__2026-06-01T19:46:01.215786+00:00, execution_date=20260601T194601, start_date=20260601T194633, end_date=20260601T194634
[2026-06-01T19:46:34.180+0000] {standard_task_runner.py:110} ERROR - Failed to execute job 32 for task silver_transform (No bronze file found; 1308)
[2026-06-01T19:46:34.217+0000] {local_task_job_runner.py:243} INFO - Task exited with return code 1
[2026-06-01T19:46:34.245+0000] {taskinstance.py:3503} INFO - 0 downstream tasks scheduled from follow-on schedule check
[2026-06-01T19:46:34.268+0000] {local_task_job_runner.py:222} INFO - ::endgroup::
