[2026-06-01T19:51:39.796+0000] {local_task_job_runner.py:120} INFO - ::group::Pre task execution logs
[2026-06-01T19:51:39.839+0000] {taskinstance.py:2076} INFO - Dependencies all met for dep_context=non-requeueable deps ti=<TaskInstance: flights_ops_medallion_pipe.silver_transform manual__2026-06-01T19:46:01.215786+00:00 [queued]>
[2026-06-01T19:51:39.853+0000] {taskinstance.py:2076} INFO - Dependencies all met for dep_context=requeueable deps ti=<TaskInstance: flights_ops_medallion_pipe.silver_transform manual__2026-06-01T19:46:01.215786+00:00 [queued]>
[2026-06-01T19:51:39.854+0000] {taskinstance.py:2306} INFO - Starting attempt 2 of 2
[2026-06-01T19:51:39.877+0000] {taskinstance.py:2330} INFO - Executing <Task(PythonOperator): silver_transform> on 2026-06-01 19:46:01.215786+00:00
[2026-06-01T19:51:39.893+0000] {standard_task_runner.py:90} INFO - Running: ['airflow', 'tasks', 'run', '***_ops_medallion_pipe', 'silver_transform', 'manual__2026-06-01T19:46:01.215786+00:00', '--job-id', '34', '--raw', '--subdir', 'DAGS_FOLDER/flight-pipeline.py', '--cfg-path', '/tmp/tmpzjirkph1']
[2026-06-01T19:51:39.904+0000] {standard_task_runner.py:91} INFO - Job 34: Subtask silver_transform
[2026-06-01T19:51:39.909+0000] {logging_mixin.py:188} WARNING - /home/airflow/.local/lib/python3.12/site-packages/airflow/task/task_runner/standard_task_runner.py:62 DeprecationWarning: This process (pid=1343) is multi-threaded, use of fork() may lead to deadlocks in the child.
[2026-06-01T19:51:39.911+0000] {standard_task_runner.py:64} INFO - Started process 1356 to run task
[2026-06-01T19:51:40.054+0000] {task_command.py:426} INFO - Running <TaskInstance: flights_ops_medallion_pipe.silver_transform manual__2026-06-01T19:46:01.215786+00:00 [running]> on host 2c94099098f0
[2026-06-01T19:51:40.218+0000] {taskinstance.py:2648} INFO - Exporting env vars: AIRFLOW_CTX_DAG_OWNER='airflow' AIRFLOW_CTX_DAG_ID='***_ops_medallion_pipe' AIRFLOW_CTX_TASK_ID='silver_transform' AIRFLOW_CTX_EXECUTION_DATE='2026-06-01T19:46:01.215786+00:00' AIRFLOW_CTX_TRY_NUMBER='2' AIRFLOW_CTX_DAG_RUN_ID='manual__2026-06-01T19:46:01.215786+00:00'
[2026-06-01T19:51:40.220+0000] {taskinstance.py:430} INFO - ::endgroup::
[2026-06-01T19:51:40.258+0000] {taskinstance.py:441} INFO - ::group::Post task execution logs
[2026-06-01T19:51:40.259+0000] {taskinstance.py:2905} ERROR - Task failed with exception
Traceback (most recent call last):
  File "/home/airflow/.local/lib/python3.12/site-packages/airflow/models/taskinstance.py", line 465, in _execute_task
    result = _execute_callable(context=context, **execute_callable_kwargs)
             ^^^^^^^^^^^^^^^^^^^^^^^^^^^^^^^^^^^^^^^^^^^^^^^^^^^^^^^^^^^^^
  File "/home/airflow/.local/lib/python3.12/site-packages/airflow/models/taskinstance.py", line 432, in _execute_callable
    return execute_callable(context=context, **execute_callable_kwargs)
           ^^^^^^^^^^^^^^^^^^^^^^^^^^^^^^^^^^^^^^^^^^^^^^^^^^^^^^^^^^^^
  File "/home/airflow/.local/lib/python3.12/site-packages/airflow/models/baseoperator.py", line 401, in wrapper
    return func(self, *args, **kwargs)
           ^^^^^^^^^^^^^^^^^^^^^^^^^^^
  File "/home/airflow/.local/lib/python3.12/site-packages/airflow/operators/python.py", line 235, in execute
    return_value = self.execute_callable()
                   ^^^^^^^^^^^^^^^^^^^^^^^
  File "/home/airflow/.local/lib/python3.12/site-packages/airflow/operators/python.py", line 252, in execute_callable
    return self.python_callable(*self.op_args, **self.op_kwargs)
           ^^^^^^^^^^^^^^^^^^^^^^^^^^^^^^^^^^^^^^^^^^^^^^^^^^^^^
  File "/opt/airflow/scripts/silver_transform.py", line 12, in run_silver_transform
    raise ValueError("No bronze file found")
ValueError: No bronze file found
[2026-06-01T19:51:40.282+0000] {taskinstance.py:1206} INFO - Marking task as FAILED. dag_id=***_ops_medallion_pipe, task_id=silver_transform, run_id=manual__2026-06-01T19:46:01.215786+00:00, execution_date=20260601T194601, start_date=20260601T195139, end_date=20260601T195140
[2026-06-01T19:51:40.300+0000] {standard_task_runner.py:110} ERROR - Failed to execute job 34 for task silver_transform (No bronze file found; 1356)
[2026-06-01T19:51:40.338+0000] {local_task_job_runner.py:243} INFO - Task exited with return code 1
[2026-06-01T19:51:40.366+0000] {taskinstance.py:3503} INFO - 0 downstream tasks scheduled from follow-on schedule check
[2026-06-01T19:51:40.371+0000] {local_task_job_runner.py:222} INFO - ::endgroup::
