[2026-06-03T12:32:54.583+0000] {local_task_job_runner.py:120} INFO - ::group::Pre task execution logs
[2026-06-03T12:32:54.614+0000] {taskinstance.py:2076} INFO - Dependencies all met for dep_context=non-requeueable deps ti=<TaskInstance: flights_ops_medallion_pipe.load_gold_to_snowflake manual__2026-06-03T12:27:03.456109+00:00 [queued]>
[2026-06-03T12:32:54.622+0000] {taskinstance.py:2076} INFO - Dependencies all met for dep_context=requeueable deps ti=<TaskInstance: flights_ops_medallion_pipe.load_gold_to_snowflake manual__2026-06-03T12:27:03.456109+00:00 [queued]>
[2026-06-03T12:32:54.623+0000] {taskinstance.py:2306} INFO - Starting attempt 1 of 2
[2026-06-03T12:32:54.636+0000] {taskinstance.py:2330} INFO - Executing <Task(PythonOperator): load_gold_to_snowflake> on 2026-06-03 12:27:03.456109+00:00
[2026-06-03T12:32:54.645+0000] {standard_task_runner.py:90} INFO - Running: ['airflow', 'tasks', 'run', '***_ops_medallion_pipe', 'load_gold_to_snowflake', 'manual__2026-06-03T12:27:03.456109+00:00', '--job-id', '158', '--raw', '--subdir', 'DAGS_FOLDER/flight-pipeline.py', '--cfg-path', '/tmp/tmpb8k913nh']
[2026-06-03T12:32:54.649+0000] {logging_mixin.py:188} WARNING - /home/airflow/.local/lib/python3.12/site-packages/airflow/task/task_runner/standard_task_runner.py:62 DeprecationWarning: This process (pid=2066) is multi-threaded, use of fork() may lead to deadlocks in the child.
[2026-06-03T12:32:54.650+0000] {standard_task_runner.py:91} INFO - Job 158: Subtask load_gold_to_snowflake
[2026-06-03T12:32:54.650+0000] {standard_task_runner.py:64} INFO - Started process 2080 to run task
[2026-06-03T12:32:54.718+0000] {task_command.py:426} INFO - Running <TaskInstance: flights_ops_medallion_pipe.load_gold_to_snowflake manual__2026-06-03T12:27:03.456109+00:00 [running]> on host 2c94099098f0
[2026-06-03T12:32:54.808+0000] {taskinstance.py:2648} INFO - Exporting env vars: AIRFLOW_CTX_DAG_OWNER='airflow' AIRFLOW_CTX_DAG_ID='***_ops_medallion_pipe' AIRFLOW_CTX_TASK_ID='load_gold_to_snowflake' AIRFLOW_CTX_EXECUTION_DATE='2026-06-03T12:27:03.456109+00:00' AIRFLOW_CTX_TRY_NUMBER='1' AIRFLOW_CTX_DAG_RUN_ID='manual__2026-06-03T12:27:03.456109+00:00'
[2026-06-03T12:32:54.809+0000] {taskinstance.py:430} INFO - ::endgroup::
[2026-06-03T12:32:54.852+0000] {base.py:84} INFO - Using connection ID 'flight_snowflake' for task execution.
[2026-06-03T12:32:54.853+0000] {connection.py:408} INFO - Snowflake Connector for Python Version: 3.11.0, Python Version: 3.12.4, Platform: Linux-6.6.114.1-microsoft-standard-WSL2-x86_64-with-glibc2.36
[2026-06-03T12:32:54.854+0000] {connection.py:1258} INFO - This connection is in OCSP Fail Open Mode. TLS Certificates would be checked for validity and revocation status. Any other Certificate Revocation related exceptions or OCSP Responder failures would be disregarded in favor of connectivity.
[2026-06-03T12:32:57.454+0000] {taskinstance.py:441} INFO - ::group::Post task execution logs
[2026-06-03T12:32:57.455+0000] {taskinstance.py:2905} ERROR - Task failed with exception
Traceback (most recent call last):
  File "/home/airflow/.local/lib/python3.12/site-packages/airflow/models/taskinstance.py", line 465, in _execute_task
    result = _execute_callable(context=context, **execute_callable_kwargs)
             ^^^^^^^^^^^^^^^^^^^^^^^^^^^^^^^^^^^^^^^^^^^^^^^^^^^^^^^^^^^^^
  File "/home/airflow/.local/lib/python3.12/site-packages/airflow/models/taskinstance.py", line 432, in _execute_callable
    return execute_callable(context=context, **execute_callable_kwargs)
           ^^^^^^^^^^^^^^^^^^^^^^^^^^^^^^^^^^^^^^^^^^^^^^^^^^^^^^^^^^^^
  File "/home/airflow/.local/lib/python3.12/site-packages/airflow/models/baseoperator.py", line 401, in wrapper
    return func(self, *args, **kwargs)
           ^^^^^^^^^^^^^^^^^^^^^^^^^^^
  File "/home/airflow/.local/lib/python3.12/site-packages/airflow/operators/python.py", line 235, in execute
    return_value = self.execute_callable()
                   ^^^^^^^^^^^^^^^^^^^^^^^
  File "/home/airflow/.local/lib/python3.12/site-packages/airflow/operators/python.py", line 252, in execute_callable
    return self.python_callable(*self.op_args, **self.op_kwargs)
           ^^^^^^^^^^^^^^^^^^^^^^^^^^^^^^^^^^^^^^^^^^^^^^^^^^^^^
  File "/opt/airflow/scripts/load_gold_to_snowflakes.py", line 20, in load_gold_to_snowflakes
    sf_conn = snowflake.connector.connect(
              ^^^^^^^^^^^^^^^^^^^^^^^^^^^^
  File "/home/airflow/.local/lib/python3.12/site-packages/snowflake/connector/__init__.py", line 55, in Connect
    return SnowflakeConnection(**kwargs)
           ^^^^^^^^^^^^^^^^^^^^^^^^^^^^^
  File "/home/airflow/.local/lib/python3.12/site-packages/snowflake/connector/connection.py", line 451, in __init__
    self.connect(**kwargs)
  File "/home/airflow/.local/lib/python3.12/site-packages/snowflake/connector/connection.py", line 756, in connect
    self.__open_connection()
  File "/home/airflow/.local/lib/python3.12/site-packages/snowflake/connector/connection.py", line 1084, in __open_connection
    self.authenticate_with_retry(self.auth_class)
  File "/home/airflow/.local/lib/python3.12/site-packages/snowflake/connector/connection.py", line 1364, in authenticate_with_retry
    self._authenticate(auth_instance)
  File "/home/airflow/.local/lib/python3.12/site-packages/snowflake/connector/connection.py", line 1392, in _authenticate
    auth.authenticate(
  File "/home/airflow/.local/lib/python3.12/site-packages/snowflake/connector/auth/_auth.py", line 401, in authenticate
    Error.errorhandler_wrapper(
  File "/home/airflow/.local/lib/python3.12/site-packages/snowflake/connector/errors.py", line 290, in errorhandler_wrapper
    handed_over = Error.hand_to_other_handler(
                  ^^^^^^^^^^^^^^^^^^^^^^^^^^^^
  File "/home/airflow/.local/lib/python3.12/site-packages/snowflake/connector/errors.py", line 348, in hand_to_other_handler
    connection.errorhandler(connection, cursor, error_class, error_value)
  File "/home/airflow/.local/lib/python3.12/site-packages/snowflake/connector/errors.py", line 221, in default_errorhandler
    raise error_class(
snowflake.connector.errors.DatabaseError: 250001 (08001): None: Failed to connect to DB: wf22237.central-india.azure.snowflakecomputing.com:443. Incorrect username or password was specified.
[2026-06-03T12:32:57.468+0000] {taskinstance.py:1206} INFO - Marking task as UP_FOR_RETRY. dag_id=***_ops_medallion_pipe, task_id=load_gold_to_snowflake, run_id=manual__2026-06-03T12:27:03.456109+00:00, execution_date=20260603T122703, start_date=20260603T123254, end_date=20260603T123257
[2026-06-03T12:32:57.479+0000] {standard_task_runner.py:110} ERROR - Failed to execute job 158 for task load_gold_to_snowflake (250001 (08001): None: Failed to connect to DB: wf22237.central-india.azure.snowflakecomputing.com:443. Incorrect username or password was specified.; 2080)
[2026-06-03T12:32:57.517+0000] {local_task_job_runner.py:243} INFO - Task exited with return code 1
[2026-06-03T12:32:57.535+0000] {taskinstance.py:3503} INFO - 0 downstream tasks scheduled from follow-on schedule check
[2026-06-03T12:32:57.539+0000] {local_task_job_runner.py:222} INFO - ::endgroup::
