[2026-06-03T17:05:39.654+0000] {local_task_job_runner.py:120} INFO - ::group::Pre task execution logs
[2026-06-03T17:05:39.717+0000] {taskinstance.py:2076} INFO - Dependencies all met for dep_context=non-requeueable deps ti=<TaskInstance: flights_ops_medallion_pipe.load_gold_to_snowflake scheduled__2026-06-03T16:30:00+00:00 [queued]>
[2026-06-03T17:05:39.733+0000] {taskinstance.py:2076} INFO - Dependencies all met for dep_context=requeueable deps ti=<TaskInstance: flights_ops_medallion_pipe.load_gold_to_snowflake scheduled__2026-06-03T16:30:00+00:00 [queued]>
[2026-06-03T17:05:39.734+0000] {taskinstance.py:2306} INFO - Starting attempt 2 of 2
[2026-06-03T17:05:39.760+0000] {taskinstance.py:2330} INFO - Executing <Task(PythonOperator): load_gold_to_snowflake> on 2026-06-03 16:30:00+00:00
[2026-06-03T17:05:39.783+0000] {standard_task_runner.py:90} INFO - Running: ['airflow', 'tasks', 'run', '***_ops_medallion_pipe', 'load_gold_to_snowflake', 'scheduled__2026-06-03T16:30:00+00:00', '--job-id', '189', '--raw', '--subdir', 'DAGS_FOLDER/flight-pipeline.py', '--cfg-path', '/tmp/tmp9vsiky4d']
[2026-06-03T17:05:39.792+0000] {standard_task_runner.py:91} INFO - Job 189: Subtask load_gold_to_snowflake
[2026-06-03T17:05:39.792+0000] {logging_mixin.py:188} WARNING - /home/airflow/.local/lib/python3.12/site-packages/airflow/task/task_runner/standard_task_runner.py:62 DeprecationWarning: This process (pid=2909) is multi-threaded, use of fork() may lead to deadlocks in the child.
[2026-06-03T17:05:39.793+0000] {standard_task_runner.py:64} INFO - Started process 2926 to run task
[2026-06-03T17:05:39.923+0000] {task_command.py:426} INFO - Running <TaskInstance: flights_ops_medallion_pipe.load_gold_to_snowflake scheduled__2026-06-03T16:30:00+00:00 [running]> on host 2c94099098f0
[2026-06-03T17:05:40.101+0000] {taskinstance.py:2648} INFO - Exporting env vars: AIRFLOW_CTX_DAG_OWNER='airflow' AIRFLOW_CTX_DAG_ID='***_ops_medallion_pipe' AIRFLOW_CTX_TASK_ID='load_gold_to_snowflake' AIRFLOW_CTX_EXECUTION_DATE='2026-06-03T16:30:00+00:00' AIRFLOW_CTX_TRY_NUMBER='2' AIRFLOW_CTX_DAG_RUN_ID='scheduled__2026-06-03T16:30:00+00:00'
[2026-06-03T17:05:40.103+0000] {taskinstance.py:430} INFO - ::endgroup::
[2026-06-03T17:05:40.169+0000] {base.py:84} INFO - Using connection ID 'flight_snowflake' for task execution.
[2026-06-03T17:05:40.171+0000] {connection.py:408} INFO - Snowflake Connector for Python Version: 3.11.0, Python Version: 3.12.4, Platform: Linux-6.6.114.1-microsoft-standard-WSL2-x86_64-with-glibc2.36
[2026-06-03T17:05:40.173+0000] {connection.py:1258} INFO - This connection is in OCSP Fail Open Mode. TLS Certificates would be checked for validity and revocation status. Any other Certificate Revocation related exceptions or OCSP Responder failures would be disregarded in favor of connectivity.
[2026-06-03T17:05:42.501+0000] {taskinstance.py:441} INFO - ::group::Post task execution logs
[2026-06-03T17:05:42.503+0000] {taskinstance.py:2905} ERROR - Task failed with exception
Traceback (most recent call last):
  File "/home/airflow/.local/lib/python3.12/site-packages/airflow/models/taskinstance.py", line 465, in _execute_task
    result = _execute_callable(context=context, **execute_callable_kwargs)
             ^^^^^^^^^^^^^^^^^^^^^^^^^^^^^^^^^^^^^^^^^^^^^^^^^^^^^^^^^^^^^
  File "/home/airflow/.local/lib/python3.12/site-packages/airflow/models/taskinstance.py", line 432, in _execute_callable
    return execute_callable(context=context, **execute_callable_kwargs)
           ^^^^^^^^^^^^^^^^^^^^^^^^^^^^^^^^^^^^^^^^^^^^^^^^^^^^^^^^^^^^
  File "/home/airflow/.local/lib/python3.12/site-packages/airflow/models/baseoperator.py", line 401, in wrapper
    return func(self, *args, **kwargs)
           ^^^^^^^^^^^^^^^^^^^^^^^^^^^
  File "/home/airflow/.local/lib/python3.12/site-packages/airflow/operators/python.py", line 235, in execute
    return_value = self.execute_callable()
                   ^^^^^^^^^^^^^^^^^^^^^^^
  File "/home/airflow/.local/lib/python3.12/site-packages/airflow/operators/python.py", line 252, in execute_callable
    return self.python_callable(*self.op_args, **self.op_kwargs)
           ^^^^^^^^^^^^^^^^^^^^^^^^^^^^^^^^^^^^^^^^^^^^^^^^^^^^^
  File "/opt/airflow/scripts/load_gold_to_snowflakes.py", line 55, in load_gold_to_snowflakes
    cursor.execute(
  File "/home/airflow/.local/lib/python3.12/site-packages/snowflake/connector/cursor.py", line 947, in execute
    query = self._preprocess_pyformat_query(command, params)
            ^^^^^^^^^^^^^^^^^^^^^^^^^^^^^^^^^^^^^^^^^^^^^^^^
  File "/home/airflow/.local/lib/python3.12/site-packages/snowflake/connector/cursor.py", line 780, in _preprocess_pyformat_query
    query = command % processed_params
            ~~~~~~~~^~~~~~~~~~~~~~~~~~
TypeError: not enough arguments for format string
[2026-06-03T17:05:42.532+0000] {taskinstance.py:1206} INFO - Marking task as FAILED. dag_id=***_ops_medallion_pipe, task_id=load_gold_to_snowflake, run_id=scheduled__2026-06-03T16:30:00+00:00, execution_date=20260603T163000, start_date=20260603T170539, end_date=20260603T170542
[2026-06-03T17:05:42.552+0000] {standard_task_runner.py:110} ERROR - Failed to execute job 189 for task load_gold_to_snowflake (not enough arguments for format string; 2926)
[2026-06-03T17:05:42.586+0000] {local_task_job_runner.py:243} INFO - Task exited with return code 1
[2026-06-03T17:05:42.621+0000] {taskinstance.py:3503} INFO - 0 downstream tasks scheduled from follow-on schedule check
[2026-06-03T17:05:42.626+0000] {local_task_job_runner.py:222} INFO - ::endgroup::
