[2026-06-03T10:54:21.415+0000] {local_task_job_runner.py:120} INFO - ::group::Pre task execution logs
[2026-06-03T10:54:21.466+0000] {taskinstance.py:2076} INFO - Dependencies all met for dep_context=non-requeueable deps ti=<TaskInstance: flights_ops_medallion_pipe.load_gold_to_snowflake scheduled__2026-06-03T10:00:00+00:00 [queued]>
[2026-06-03T10:54:21.479+0000] {taskinstance.py:2076} INFO - Dependencies all met for dep_context=requeueable deps ti=<TaskInstance: flights_ops_medallion_pipe.load_gold_to_snowflake scheduled__2026-06-03T10:00:00+00:00 [queued]>
[2026-06-03T10:54:21.480+0000] {taskinstance.py:2306} INFO - Starting attempt 2 of 2
[2026-06-03T10:54:21.503+0000] {taskinstance.py:2330} INFO - Executing <Task(PythonOperator): load_gold_to_snowflake> on 2026-06-03 10:00:00+00:00
[2026-06-03T10:54:21.518+0000] {standard_task_runner.py:90} INFO - Running: ['airflow', 'tasks', 'run', '***_ops_medallion_pipe', 'load_gold_to_snowflake', 'scheduled__2026-06-03T10:00:00+00:00', '--job-id', '123', '--raw', '--subdir', 'DAGS_FOLDER/flight-pipeline.py', '--cfg-path', '/tmp/tmp1xkdqqp0']
[2026-06-03T10:54:21.524+0000] {standard_task_runner.py:91} INFO - Job 123: Subtask load_gold_to_snowflake
[2026-06-03T10:54:21.524+0000] {logging_mixin.py:188} WARNING - /home/airflow/.local/lib/python3.12/site-packages/airflow/task/task_runner/standard_task_runner.py:62 DeprecationWarning: This process (pid=1322) is multi-threaded, use of fork() may lead to deadlocks in the child.
[2026-06-03T10:54:21.526+0000] {standard_task_runner.py:64} INFO - Started process 1336 to run task
[2026-06-03T10:54:21.631+0000] {task_command.py:426} INFO - Running <TaskInstance: flights_ops_medallion_pipe.load_gold_to_snowflake scheduled__2026-06-03T10:00:00+00:00 [running]> on host 2c94099098f0
[2026-06-03T10:54:21.780+0000] {taskinstance.py:2648} INFO - Exporting env vars: AIRFLOW_CTX_DAG_OWNER='airflow' AIRFLOW_CTX_DAG_ID='***_ops_medallion_pipe' AIRFLOW_CTX_TASK_ID='load_gold_to_snowflake' AIRFLOW_CTX_EXECUTION_DATE='2026-06-03T10:00:00+00:00' AIRFLOW_CTX_TRY_NUMBER='2' AIRFLOW_CTX_DAG_RUN_ID='scheduled__2026-06-03T10:00:00+00:00'
[2026-06-03T10:54:21.782+0000] {taskinstance.py:430} INFO - ::endgroup::
[2026-06-03T10:54:21.819+0000] {taskinstance.py:441} INFO - ::group::Post task execution logs
[2026-06-03T10:54:21.821+0000] {taskinstance.py:2905} ERROR - Task failed with exception
Traceback (most recent call last):
  File "/home/airflow/.local/lib/python3.12/site-packages/airflow/models/taskinstance.py", line 465, in _execute_task
    result = _execute_callable(context=context, **execute_callable_kwargs)
             ^^^^^^^^^^^^^^^^^^^^^^^^^^^^^^^^^^^^^^^^^^^^^^^^^^^^^^^^^^^^^
  File "/home/airflow/.local/lib/python3.12/site-packages/airflow/models/taskinstance.py", line 432, in _execute_callable
    return execute_callable(context=context, **execute_callable_kwargs)
           ^^^^^^^^^^^^^^^^^^^^^^^^^^^^^^^^^^^^^^^^^^^^^^^^^^^^^^^^^^^^
  File "/home/airflow/.local/lib/python3.12/site-packages/airflow/models/baseoperator.py", line 401, in wrapper
    return func(self, *args, **kwargs)
           ^^^^^^^^^^^^^^^^^^^^^^^^^^^
  File "/home/airflow/.local/lib/python3.12/site-packages/airflow/operators/python.py", line 235, in execute
    return_value = self.execute_callable()
                   ^^^^^^^^^^^^^^^^^^^^^^^
  File "/home/airflow/.local/lib/python3.12/site-packages/airflow/operators/python.py", line 252, in execute_callable
    return self.python_callable(*self.op_args, **self.op_kwargs)
           ^^^^^^^^^^^^^^^^^^^^^^^^^^^^^^^^^^^^^^^^^^^^^^^^^^^^^
  File "/opt/airflow/scripts/load_gold_to_snowflakes.py", line 12, in load_gold_to_snowflakes
    raise ValueError("Gold file not found in xcom")
ValueError: Gold file not found in xcom
[2026-06-03T10:54:21.845+0000] {taskinstance.py:1206} INFO - Marking task as FAILED. dag_id=***_ops_medallion_pipe, task_id=load_gold_to_snowflake, run_id=scheduled__2026-06-03T10:00:00+00:00, execution_date=20260603T100000, start_date=20260603T105421, end_date=20260603T105421
[2026-06-03T10:54:21.863+0000] {standard_task_runner.py:110} ERROR - Failed to execute job 123 for task load_gold_to_snowflake (Gold file not found in xcom; 1336)
[2026-06-03T10:54:21.903+0000] {local_task_job_runner.py:243} INFO - Task exited with return code 1
[2026-06-03T10:54:21.932+0000] {taskinstance.py:3503} INFO - 0 downstream tasks scheduled from follow-on schedule check
[2026-06-03T10:54:21.937+0000] {local_task_job_runner.py:222} INFO - ::endgroup::
