[2026-06-01T19:00:11.861+0000] {local_task_job_runner.py:120} INFO - ::group::Pre task execution logs
[2026-06-01T19:00:11.888+0000] {taskinstance.py:2076} INFO - Dependencies all met for dep_context=non-requeueable deps ti=<TaskInstance: flights_ops_medallion_pipe.silver_transform scheduled__2026-06-01T18:30:00+00:00 [queued]>
[2026-06-01T19:00:11.894+0000] {taskinstance.py:2076} INFO - Dependencies all met for dep_context=requeueable deps ti=<TaskInstance: flights_ops_medallion_pipe.silver_transform scheduled__2026-06-01T18:30:00+00:00 [queued]>
[2026-06-01T19:00:11.895+0000] {taskinstance.py:2306} INFO - Starting attempt 1 of 2
[2026-06-01T19:00:11.907+0000] {taskinstance.py:2330} INFO - Executing <Task(PythonOperator): silver_transform> on 2026-06-01 18:30:00+00:00
[2026-06-01T19:00:11.916+0000] {standard_task_runner.py:90} INFO - Running: ['airflow', 'tasks', 'run', '***_ops_medallion_pipe', 'silver_transform', 'scheduled__2026-06-01T18:30:00+00:00', '--job-id', '27', '--raw', '--subdir', 'DAGS_FOLDER/flight-pipeline.py', '--cfg-path', '/tmp/tmpb6fcpu4b']
[2026-06-01T19:00:11.920+0000] {standard_task_runner.py:91} INFO - Job 27: Subtask silver_transform
[2026-06-01T19:00:11.920+0000] {logging_mixin.py:188} WARNING - /home/airflow/.local/lib/python3.12/site-packages/airflow/task/task_runner/standard_task_runner.py:62 DeprecationWarning: This process (pid=1209) is multi-threaded, use of fork() may lead to deadlocks in the child.
[2026-06-01T19:00:11.921+0000] {standard_task_runner.py:64} INFO - Started process 1222 to run task
[2026-06-01T19:00:11.987+0000] {task_command.py:426} INFO - Running <TaskInstance: flights_ops_medallion_pipe.silver_transform scheduled__2026-06-01T18:30:00+00:00 [running]> on host 2c94099098f0
[2026-06-01T19:00:12.075+0000] {taskinstance.py:2648} INFO - Exporting env vars: AIRFLOW_CTX_DAG_OWNER='airflow' AIRFLOW_CTX_DAG_ID='***_ops_medallion_pipe' AIRFLOW_CTX_TASK_ID='silver_transform' AIRFLOW_CTX_EXECUTION_DATE='2026-06-01T18:30:00+00:00' AIRFLOW_CTX_TRY_NUMBER='1' AIRFLOW_CTX_DAG_RUN_ID='scheduled__2026-06-01T18:30:00+00:00'
[2026-06-01T19:00:12.076+0000] {taskinstance.py:430} INFO - ::endgroup::
[2026-06-01T19:00:12.101+0000] {taskinstance.py:441} INFO - ::group::Post task execution logs
[2026-06-01T19:00:12.101+0000] {taskinstance.py:2905} ERROR - Task failed with exception
Traceback (most recent call last):
  File "/home/airflow/.local/lib/python3.12/site-packages/airflow/models/taskinstance.py", line 465, in _execute_task
    result = _execute_callable(context=context, **execute_callable_kwargs)
             ^^^^^^^^^^^^^^^^^^^^^^^^^^^^^^^^^^^^^^^^^^^^^^^^^^^^^^^^^^^^^
  File "/home/airflow/.local/lib/python3.12/site-packages/airflow/models/taskinstance.py", line 432, in _execute_callable
    return execute_callable(context=context, **execute_callable_kwargs)
           ^^^^^^^^^^^^^^^^^^^^^^^^^^^^^^^^^^^^^^^^^^^^^^^^^^^^^^^^^^^^
  File "/home/airflow/.local/lib/python3.12/site-packages/airflow/models/baseoperator.py", line 401, in wrapper
    return func(self, *args, **kwargs)
           ^^^^^^^^^^^^^^^^^^^^^^^^^^^
  File "/home/airflow/.local/lib/python3.12/site-packages/airflow/operators/python.py", line 235, in execute
    return_value = self.execute_callable()
                   ^^^^^^^^^^^^^^^^^^^^^^^
  File "/home/airflow/.local/lib/python3.12/site-packages/airflow/operators/python.py", line 252, in execute_callable
    return self.python_callable(*self.op_args, **self.op_kwargs)
           ^^^^^^^^^^^^^^^^^^^^^^^^^^^^^^^^^^^^^^^^^^^^^^^^^^^^^
  File "/opt/airflow/scripts/silver_transform.py", line 12, in run_silver_transform
    raise ValueError("No bronze file found")
ValueError: No bronze file found
[2026-06-01T19:00:12.116+0000] {taskinstance.py:1206} INFO - Marking task as UP_FOR_RETRY. dag_id=***_ops_medallion_pipe, task_id=silver_transform, run_id=scheduled__2026-06-01T18:30:00+00:00, execution_date=20260601T183000, start_date=20260601T190011, end_date=20260601T190012
[2026-06-01T19:00:12.126+0000] {standard_task_runner.py:110} ERROR - Failed to execute job 27 for task silver_transform (No bronze file found; 1222)
[2026-06-01T19:00:12.135+0000] {local_task_job_runner.py:243} INFO - Task exited with return code 1
[2026-06-01T19:00:12.153+0000] {taskinstance.py:3503} INFO - 0 downstream tasks scheduled from follow-on schedule check
[2026-06-01T19:00:12.155+0000] {local_task_job_runner.py:222} INFO - ::endgroup::
