[2026-06-03T18:24:21.244+0000] {local_task_job_runner.py:120} INFO - ::group::Pre task execution logs
[2026-06-03T18:24:21.283+0000] {taskinstance.py:2076} INFO - Dependencies all met for dep_context=non-requeueable deps ti=<TaskInstance: flights_ops_medallion_pipe.gold_aggregate manual__2026-06-03T18:18:42.690428+00:00 [queued]>
[2026-06-03T18:24:21.293+0000] {taskinstance.py:2076} INFO - Dependencies all met for dep_context=requeueable deps ti=<TaskInstance: flights_ops_medallion_pipe.gold_aggregate manual__2026-06-03T18:18:42.690428+00:00 [queued]>
[2026-06-03T18:24:21.293+0000] {taskinstance.py:2306} INFO - Starting attempt 2 of 2
[2026-06-03T18:24:21.312+0000] {taskinstance.py:2330} INFO - Executing <Task(PythonOperator): gold_aggregate> on 2026-06-03 18:18:42.690428+00:00
[2026-06-03T18:24:21.324+0000] {standard_task_runner.py:90} INFO - Running: ['airflow', 'tasks', 'run', '***_ops_medallion_pipe', 'gold_aggregate', 'manual__2026-06-03T18:18:42.690428+00:00', '--job-id', '251', '--raw', '--subdir', 'DAGS_FOLDER/flight-pipeline.py', '--cfg-path', '/tmp/tmp0928ycno']
[2026-06-03T18:24:21.329+0000] {logging_mixin.py:188} WARNING - /home/airflow/.local/lib/python3.12/site-packages/airflow/task/task_runner/standard_task_runner.py:62 DeprecationWarning: This process (pid=4284) is multi-threaded, use of fork() may lead to deadlocks in the child.
[2026-06-03T18:24:21.329+0000] {standard_task_runner.py:91} INFO - Job 251: Subtask gold_aggregate
[2026-06-03T18:24:21.330+0000] {standard_task_runner.py:64} INFO - Started process 4298 to run task
[2026-06-03T18:24:21.412+0000] {task_command.py:426} INFO - Running <TaskInstance: flights_ops_medallion_pipe.gold_aggregate manual__2026-06-03T18:18:42.690428+00:00 [running]> on host 2c94099098f0
[2026-06-03T18:24:21.545+0000] {taskinstance.py:2648} INFO - Exporting env vars: AIRFLOW_CTX_DAG_OWNER='airflow' AIRFLOW_CTX_DAG_ID='***_ops_medallion_pipe' AIRFLOW_CTX_TASK_ID='gold_aggregate' AIRFLOW_CTX_EXECUTION_DATE='2026-06-03T18:18:42.690428+00:00' AIRFLOW_CTX_TRY_NUMBER='2' AIRFLOW_CTX_DAG_RUN_ID='manual__2026-06-03T18:18:42.690428+00:00'
[2026-06-03T18:24:21.547+0000] {taskinstance.py:430} INFO - ::endgroup::
[2026-06-03T18:24:21.607+0000] {taskinstance.py:441} INFO - ::group::Post task execution logs
[2026-06-03T18:24:21.608+0000] {taskinstance.py:2905} ERROR - Task failed with exception
Traceback (most recent call last):
  File "/home/airflow/.local/lib/python3.12/site-packages/airflow/models/taskinstance.py", line 465, in _execute_task
    result = _execute_callable(context=context, **execute_callable_kwargs)
             ^^^^^^^^^^^^^^^^^^^^^^^^^^^^^^^^^^^^^^^^^^^^^^^^^^^^^^^^^^^^^
  File "/home/airflow/.local/lib/python3.12/site-packages/airflow/models/taskinstance.py", line 432, in _execute_callable
    return execute_callable(context=context, **execute_callable_kwargs)
           ^^^^^^^^^^^^^^^^^^^^^^^^^^^^^^^^^^^^^^^^^^^^^^^^^^^^^^^^^^^^
  File "/home/airflow/.local/lib/python3.12/site-packages/airflow/models/baseoperator.py", line 401, in wrapper
    return func(self, *args, **kwargs)
           ^^^^^^^^^^^^^^^^^^^^^^^^^^^
  File "/home/airflow/.local/lib/python3.12/site-packages/airflow/operators/python.py", line 235, in execute
    return_value = self.execute_callable()
                   ^^^^^^^^^^^^^^^^^^^^^^^
  File "/home/airflow/.local/lib/python3.12/site-packages/airflow/operators/python.py", line 252, in execute_callable
    return self.python_callable(*self.op_args, **self.op_kwargs)
           ^^^^^^^^^^^^^^^^^^^^^^^^^^^^^^^^^^^^^^^^^^^^^^^^^^^^^
  File "/opt/airflow/scripts/gold_aggregate.py", line 20, in run_gold_aggregate
    .agg(
     ^^^^
  File "/home/airflow/.local/lib/python3.12/site-packages/pandas/core/groupby/generic.py", line 1445, in aggregate
    result = op.agg()
             ^^^^^^^^
  File "/home/airflow/.local/lib/python3.12/site-packages/pandas/core/apply.py", line 175, in agg
    return self.agg_dict_like()
           ^^^^^^^^^^^^^^^^^^^^
  File "/home/airflow/.local/lib/python3.12/site-packages/pandas/core/apply.py", line 406, in agg_dict_like
    return self.agg_or_apply_dict_like(op_name="agg")
           ^^^^^^^^^^^^^^^^^^^^^^^^^^^^^^^^^^^^^^^^^^
  File "/home/airflow/.local/lib/python3.12/site-packages/pandas/core/apply.py", line 1390, in agg_or_apply_dict_like
    result_index, result_data = self.compute_dict_like(
                                ^^^^^^^^^^^^^^^^^^^^^^^
  File "/home/airflow/.local/lib/python3.12/site-packages/pandas/core/apply.py", line 445, in compute_dict_like
    func = self.normalize_dictlike_arg(op_name, selected_obj, func)
           ^^^^^^^^^^^^^^^^^^^^^^^^^^^^^^^^^^^^^^^^^^^^^^^^^^^^^^^^
  File "/home/airflow/.local/lib/python3.12/site-packages/pandas/core/apply.py", line 639, in normalize_dictlike_arg
    raise KeyError(f"Column(s) {list(cols)} do not exist")
KeyError: "Column(s) ['on_ground'] do not exist"
[2026-06-03T18:24:21.628+0000] {taskinstance.py:1206} INFO - Marking task as FAILED. dag_id=***_ops_medallion_pipe, task_id=gold_aggregate, run_id=manual__2026-06-03T18:18:42.690428+00:00, execution_date=20260603T181842, start_date=20260603T182421, end_date=20260603T182421
[2026-06-03T18:24:21.678+0000] {standard_task_runner.py:110} ERROR - Failed to execute job 251 for task gold_aggregate ("Column(s) ['on_ground'] do not exist"; 4298)
[2026-06-03T18:24:21.706+0000] {local_task_job_runner.py:243} INFO - Task exited with return code 1
[2026-06-03T18:24:21.734+0000] {taskinstance.py:3503} INFO - 0 downstream tasks scheduled from follow-on schedule check
[2026-06-03T18:24:21.743+0000] {local_task_job_runner.py:222} INFO - ::endgroup::
